Compiling...
mpicc -O2 -Wall -Wextra -Werror -std=gnu11 -o 3way-mpi hw4-mpi.c
Binary: -rwxr-xr-x+ 1 jseim jseim_users 18K Apr 26 11:44 ./3way-mpi
Node: mole041
Tasks available: 20
Linux mole041 5.14.0-611.36.1.el9_7.x86_64 #1 SMP PREEMPT_DYNAMIC Tue Mar 3 17:30:12 UTC 2026 x86_64 x86_64 x86_64 GNU/Linux
Testing input path
-rw-r-----+ 2 eyv ksu-cis-520 1708514151 Apr 13  2018 /homes/eyv/cis520/wiki_dump.txt
--- procs=1 mem=64MB trial=1 ---
  -> wall=7.56s mem=84684KB exit=0
--- procs=1 mem=64MB trial=2 ---
  -> wall=7.69s mem=84512KB exit=0
--- procs=1 mem=64MB trial=3 ---
  -> wall=7.55s mem=83636KB exit=0
--- procs=1 mem=128MB trial=1 ---
  -> wall=7.61s mem=84524KB exit=0
--- procs=1 mem=128MB trial=2 ---
  -> wall=7.63s mem=84684KB exit=0
--- procs=1 mem=128MB trial=3 ---
  -> wall=7.71s mem=84524KB exit=0
--- procs=1 mem=512MB trial=1 ---
  -> wall=7.66s mem=84824KB exit=0
--- procs=1 mem=512MB trial=2 ---
  -> wall=7.52s mem=83780KB exit=0
--- procs=1 mem=512MB trial=3 ---
  -> wall=7.76s mem=84832KB exit=0
--- procs=1 mem=1024MB trial=1 ---
  -> wall=7.57s mem=84504KB exit=0
--- procs=1 mem=1024MB trial=2 ---
  -> wall=7.67s mem=83656KB exit=0
--- procs=1 mem=1024MB trial=3 ---
  -> wall=7.70s mem=84100KB exit=0
--- procs=1 mem=1536MB trial=1 ---
  -> wall=7.58s mem=83644KB exit=0
--- procs=1 mem=1536MB trial=2 ---
  -> wall=7.41s mem=83668KB exit=0
--- procs=1 mem=1536MB trial=3 ---
  -> wall=7.61s mem=83636KB exit=0
--- procs=1 mem=3072MB trial=1 ---
  -> wall=7.28s mem=83496KB exit=0
--- procs=1 mem=3072MB trial=2 ---
  -> wall=7.57s mem=83484KB exit=0
--- procs=1 mem=3072MB trial=3 ---
  -> wall=7.61s mem=83812KB exit=0
--- procs=2 mem=64MB trial=1 ---
  -> wall=6.99s mem=68496KB exit=0
--- procs=2 mem=64MB trial=2 ---
  -> wall=7.02s mem=67808KB exit=0
--- procs=2 mem=64MB trial=3 ---
  -> wall=6.69s mem=68456KB exit=0
--- procs=2 mem=128MB trial=1 ---
  -> wall=6.96s mem=67900KB exit=0
--- procs=2 mem=128MB trial=2 ---
  -> wall=6.68s mem=67920KB exit=0
--- procs=2 mem=128MB trial=3 ---
  -> wall=7.03s mem=68124KB exit=0
--- procs=2 mem=512MB trial=1 ---
  -> wall=6.97s mem=68708KB exit=0
--- procs=2 mem=512MB trial=2 ---
  -> wall=7.09s mem=68600KB exit=0
--- procs=2 mem=512MB trial=3 ---
  -> wall=6.92s mem=68860KB exit=0
--- procs=2 mem=1024MB trial=1 ---
  -> wall=6.92s mem=68832KB exit=0
--- procs=2 mem=1024MB trial=2 ---
  -> wall=6.99s mem=69024KB exit=0
--- procs=2 mem=1024MB trial=3 ---
  -> wall=6.94s mem=68148KB exit=0
--- procs=2 mem=1536MB trial=1 ---
  -> wall=6.91s mem=69048KB exit=0
--- procs=2 mem=1536MB trial=2 ---
  -> wall=6.93s mem=67788KB exit=0
--- procs=2 mem=1536MB trial=3 ---
  -> wall=6.86s mem=68888KB exit=0
--- procs=2 mem=3072MB trial=1 ---
  -> wall=7.10s mem=68128KB exit=0
--- procs=2 mem=3072MB trial=2 ---
  -> wall=7.04s mem=67720KB exit=0
--- procs=2 mem=3072MB trial=3 ---
  -> wall=6.89s mem=68712KB exit=0
--- procs=4 mem=64MB trial=1 ---
  -> wall=6.84s mem=59744KB exit=0
--- procs=4 mem=64MB trial=2 ---
  -> wall=6.62s mem=61164KB exit=0
--- procs=4 mem=64MB trial=3 ---
  -> wall=6.45s mem=60132KB exit=0
--- procs=4 mem=128MB trial=1 ---
  -> wall=6.52s mem=61036KB exit=0
--- procs=4 mem=128MB trial=2 ---
  -> wall=6.79s mem=60804KB exit=0
--- procs=4 mem=128MB trial=3 ---
  -> wall=6.63s mem=59852KB exit=0
--- procs=4 mem=512MB trial=1 ---
  -> wall=6.49s mem=61072KB exit=0
--- procs=4 mem=512MB trial=2 ---
  -> wall=6.66s mem=60520KB exit=0
--- procs=4 mem=512MB trial=3 ---
  -> wall=6.89s mem=60312KB exit=0
--- procs=4 mem=1024MB trial=1 ---
  -> wall=6.52s mem=60040KB exit=0
--- procs=4 mem=1024MB trial=2 ---
  -> wall=6.44s mem=59484KB exit=0
--- procs=4 mem=1024MB trial=3 ---
  -> wall=6.49s mem=61200KB exit=0
--- procs=4 mem=1536MB trial=1 ---
  -> wall=6.74s mem=60800KB exit=0
--- procs=4 mem=1536MB trial=2 ---
  -> wall=6.80s mem=59888KB exit=0
--- procs=4 mem=1536MB trial=3 ---
  -> wall=6.62s mem=60568KB exit=0
--- procs=4 mem=3072MB trial=1 ---
  -> wall=6.52s mem=60608KB exit=0
--- procs=4 mem=3072MB trial=2 ---
  -> wall=6.73s mem=59912KB exit=0
--- procs=4 mem=3072MB trial=3 ---
  -> wall=6.48s mem=59560KB exit=0
--- procs=8 mem=64MB trial=1 ---
  -> wall=6.64s mem=57072KB exit=0
--- procs=8 mem=64MB trial=2 ---
  -> wall=6.66s mem=56224KB exit=0
--- procs=8 mem=64MB trial=3 ---
  -> wall=6.71s mem=57464KB exit=0
--- procs=8 mem=128MB trial=1 ---
  -> wall=6.81s mem=56512KB exit=0
--- procs=8 mem=128MB trial=2 ---
  -> wall=6.77s mem=57300KB exit=0
--- procs=8 mem=128MB trial=3 ---
  -> wall=6.88s mem=57736KB exit=0
--- procs=8 mem=512MB trial=1 ---
  -> wall=6.69s mem=56324KB exit=0
--- procs=8 mem=512MB trial=2 ---
  -> wall=6.78s mem=56184KB exit=0
--- procs=8 mem=512MB trial=3 ---
  -> wall=6.75s mem=56060KB exit=0
--- procs=8 mem=1024MB trial=1 ---
  -> wall=6.81s mem=56512KB exit=0
--- procs=8 mem=1024MB trial=2 ---
  -> wall=6.80s mem=57076KB exit=0
--- procs=8 mem=1024MB trial=3 ---
  -> wall=6.83s mem=57616KB exit=0
--- procs=8 mem=1536MB trial=1 ---
  -> wall=6.84s mem=57596KB exit=0
--- procs=8 mem=1536MB trial=2 ---
  -> wall=6.63s mem=57320KB exit=0
--- procs=8 mem=1536MB trial=3 ---
  -> wall=6.79s mem=57380KB exit=0
--- procs=8 mem=3072MB trial=1 ---
  -> wall=6.73s mem=57128KB exit=0
--- procs=8 mem=3072MB trial=2 ---
  -> wall=6.71s mem=56352KB exit=0
--- procs=8 mem=3072MB trial=3 ---
  -> wall=6.64s mem=56496KB exit=0
--- procs=16 mem=64MB trial=1 ---
  -> wall=7.07s mem=55660KB exit=0
--- procs=16 mem=64MB trial=2 ---
  -> wall=8.68s mem=55984KB exit=0
--- procs=16 mem=64MB trial=3 ---
  -> wall=6.89s mem=55376KB exit=0
--- procs=16 mem=128MB trial=1 ---
  -> wall=7.50s mem=56676KB exit=0
--- procs=16 mem=128MB trial=2 ---
  -> wall=7.46s mem=55524KB exit=0
--- procs=16 mem=128MB trial=3 ---
  -> wall=6.80s mem=55664KB exit=0
--- procs=16 mem=512MB trial=1 ---
  -> wall=7.46s mem=56184KB exit=0
--- procs=16 mem=512MB trial=2 ---
  -> wall=7.06s mem=55836KB exit=0
--- procs=16 mem=512MB trial=3 ---
  -> wall=7.17s mem=54936KB exit=0
--- procs=16 mem=1024MB trial=1 ---
  -> wall=6.98s mem=56044KB exit=0
--- procs=16 mem=1024MB trial=2 ---
  -> wall=7.15s mem=55452KB exit=0
--- procs=16 mem=1024MB trial=3 ---
  -> wall=7.68s mem=55316KB exit=0
--- procs=16 mem=1536MB trial=1 ---
  -> wall=7.34s mem=56288KB exit=0
--- procs=16 mem=1536MB trial=2 ---
  -> wall=6.93s mem=55968KB exit=0
--- procs=16 mem=1536MB trial=3 ---
  -> wall=7.12s mem=56372KB exit=0
--- procs=16 mem=3072MB trial=1 ---
  -> wall=8.43s mem=54588KB exit=0
--- procs=16 mem=3072MB trial=2 ---
  -> wall=7.18s mem=57868KB exit=0
--- procs=16 mem=3072MB trial=3 ---
  -> wall=8.06s mem=56368KB exit=0
--- procs=20 mem=64MB trial=1 ---
  -> wall=9.60s mem=54636KB exit=0
--- procs=20 mem=64MB trial=2 ---
  -> wall=8.92s mem=54872KB exit=0
--- procs=20 mem=64MB trial=3 ---
  -> wall=9.10s mem=57592KB exit=0
--- procs=20 mem=128MB trial=1 ---
  -> wall=9.05s mem=55252KB exit=0
--- procs=20 mem=128MB trial=2 ---
  -> wall=9.61s mem=55216KB exit=0
--- procs=20 mem=128MB trial=3 ---
  -> wall=8.53s mem=55220KB exit=0
--- procs=20 mem=512MB trial=1 ---
  -> wall=10.29s mem=55088KB exit=0
--- procs=20 mem=512MB trial=2 ---
  -> wall=9.43s mem=54912KB exit=0
--- procs=20 mem=512MB trial=3 ---
  -> wall=9.35s mem=54980KB exit=0
--- procs=20 mem=1024MB trial=1 ---
  -> wall=9.59s mem=55248KB exit=0
--- procs=20 mem=1024MB trial=2 ---
  -> wall=9.55s mem=54960KB exit=0
--- procs=20 mem=1024MB trial=3 ---
  -> wall=9.67s mem=55284KB exit=0
--- procs=20 mem=1536MB trial=1 ---
  -> wall=9.95s mem=55100KB exit=0
--- procs=20 mem=1536MB trial=2 ---
  -> wall=9.20s mem=55404KB exit=0
--- procs=20 mem=1536MB trial=3 ---
  -> wall=10.05s mem=55428KB exit=0
--- procs=20 mem=3072MB trial=1 ---
  -> wall=9.89s mem=56148KB exit=0
--- procs=20 mem=3072MB trial=2 ---
  -> wall=9.41s mem=54844KB exit=0
--- procs=20 mem=3072MB trial=3 ---
  -> wall=8.20s mem=56512KB exit=0

Job Finished. Results in perf_data_mpi_8012204.csv
First few rows:
procs,nodes,mem_budget_mb,wall_time_s,user_time_s,sys_time_s,mem_used_kb,exit_code,trial
1,1,64,7.56,4.31,3.96,84684,0,1
1,1,64,7.69,4.37,4.19,84512,0,2
1,1,64,7.55,4.28,3.99,83636,0,3
1,1,128,7.61,4.36,4.01,84524,0,1
1,1,128,7.63,4.35,4.07,84684,0,2
1,1,128,7.71,4.34,4.23,84524,0,3
1,1,512,7.66,4.32,4.13,84824,0,1
1,1,512,7.52,4.26,3.93,83780,0,2
1,1,512,7.76,4.30,4.33,84832,0,3
