Compiling...
make: Nothing to be done for 'all'.
Binary: -rwxr-xr-x+ 1 jwuthnow jwuthnow_users 19K May  1 21:50 ./hw4-openmp
Node: mole100
CPUs available: 20
Linux mole100 5.14.0-611.36.1.el9_7.x86_64 #1 SMP PREEMPT_DYNAMIC Tue Mar 3 17:30:12 UTC 2026 x86_64 x86_64 x86_64 GNU/Linux
Testing input path
-rw-r-----+ 2 eyv ksu-cis-520 1708514151 Apr 13  2018 /homes/eyv/cis520/wiki_dump.txt
--- threads=1 mem=64MB trial=1 ---
  -> wall=2.09s mem=34460KB exit=0
--- threads=1 mem=64MB trial=2 ---
  -> wall=2.01s mem=34508KB exit=0
--- threads=1 mem=64MB trial=3 ---
  -> wall=2.05s mem=34504KB exit=0
--- threads=1 mem=128MB trial=1 ---
  -> wall=2.01s mem=34508KB exit=0
--- threads=1 mem=128MB trial=2 ---
  -> wall=2.04s mem=34504KB exit=0
--- threads=1 mem=128MB trial=3 ---
  -> wall=2.02s mem=34504KB exit=0
--- threads=1 mem=512MB trial=1 ---
  -> wall=2.05s mem=34504KB exit=0
--- threads=1 mem=512MB trial=2 ---
  -> wall=2.02s mem=34508KB exit=0
--- threads=1 mem=512MB trial=3 ---
  -> wall=2.01s mem=34508KB exit=0
--- threads=1 mem=1024MB trial=1 ---
  -> wall=2.04s mem=34508KB exit=0
--- threads=1 mem=1024MB trial=2 ---
  -> wall=2.02s mem=34504KB exit=0
--- threads=1 mem=1024MB trial=3 ---
  -> wall=2.05s mem=34504KB exit=0
--- threads=1 mem=1536MB trial=1 ---
  -> wall=2.04s mem=34504KB exit=0
--- threads=1 mem=1536MB trial=2 ---
  -> wall=2.01s mem=34504KB exit=0
--- threads=1 mem=1536MB trial=3 ---
  -> wall=2.01s mem=34456KB exit=0
--- threads=1 mem=3072MB trial=1 ---
  -> wall=2.04s mem=34508KB exit=0
--- threads=1 mem=3072MB trial=2 ---
  -> wall=2.02s mem=34504KB exit=0
--- threads=1 mem=3072MB trial=3 ---
  -> wall=2.01s mem=34508KB exit=0
--- threads=2 mem=64MB trial=1 ---
  -> wall=1.44s mem=34668KB exit=0
--- threads=2 mem=64MB trial=2 ---
  -> wall=1.47s mem=34664KB exit=0
--- threads=2 mem=64MB trial=3 ---
  -> wall=1.50s mem=34664KB exit=0
--- threads=2 mem=128MB trial=1 ---
  -> wall=1.45s mem=34664KB exit=0
--- threads=2 mem=128MB trial=2 ---
  -> wall=1.42s mem=34664KB exit=0
--- threads=2 mem=128MB trial=3 ---
  -> wall=1.42s mem=34664KB exit=0
--- threads=2 mem=512MB trial=1 ---
  -> wall=1.47s mem=34668KB exit=0
--- threads=2 mem=512MB trial=2 ---
  -> wall=1.43s mem=34668KB exit=0
--- threads=2 mem=512MB trial=3 ---
  -> wall=1.47s mem=34664KB exit=0
--- threads=2 mem=1024MB trial=1 ---
  -> wall=1.43s mem=34668KB exit=0
--- threads=2 mem=1024MB trial=2 ---
  -> wall=1.48s mem=34668KB exit=0
--- threads=2 mem=1024MB trial=3 ---
  -> wall=1.42s mem=34668KB exit=0
--- threads=2 mem=1536MB trial=1 ---
  -> wall=1.48s mem=34664KB exit=0
--- threads=2 mem=1536MB trial=2 ---
  -> wall=1.42s mem=34668KB exit=0
--- threads=2 mem=1536MB trial=3 ---
  -> wall=1.42s mem=34668KB exit=0
--- threads=2 mem=3072MB trial=1 ---
  -> wall=1.47s mem=34668KB exit=0
--- threads=2 mem=3072MB trial=2 ---
  -> wall=1.42s mem=34664KB exit=0
--- threads=2 mem=3072MB trial=3 ---
  -> wall=1.47s mem=34668KB exit=0
--- threads=4 mem=64MB trial=1 ---
  -> wall=1.20s mem=34668KB exit=0
--- threads=4 mem=64MB trial=2 ---
  -> wall=1.25s mem=34668KB exit=0
--- threads=4 mem=64MB trial=3 ---
  -> wall=1.21s mem=34664KB exit=0
--- threads=4 mem=128MB trial=1 ---
  -> wall=1.23s mem=34668KB exit=0
--- threads=4 mem=128MB trial=2 ---
  -> wall=1.24s mem=34668KB exit=0
--- threads=4 mem=128MB trial=3 ---
  -> wall=1.22s mem=34664KB exit=0
--- threads=4 mem=512MB trial=1 ---
  -> wall=1.20s mem=34664KB exit=0
--- threads=4 mem=512MB trial=2 ---
  -> wall=1.24s mem=34664KB exit=0
--- threads=4 mem=512MB trial=3 ---
  -> wall=1.20s mem=34668KB exit=0
--- threads=4 mem=1024MB trial=1 ---
  -> wall=1.24s mem=34664KB exit=0
--- threads=4 mem=1024MB trial=2 ---
  -> wall=1.20s mem=34668KB exit=0
--- threads=4 mem=1024MB trial=3 ---
  -> wall=1.24s mem=34668KB exit=0
--- threads=4 mem=1536MB trial=1 ---
  -> wall=1.21s mem=34668KB exit=0
--- threads=4 mem=1536MB trial=2 ---
  -> wall=1.23s mem=34664KB exit=0
--- threads=4 mem=1536MB trial=3 ---
  -> wall=1.24s mem=34668KB exit=0
--- threads=4 mem=3072MB trial=1 ---
  -> wall=1.20s mem=34664KB exit=0
--- threads=4 mem=3072MB trial=2 ---
  -> wall=1.25s mem=34664KB exit=0
--- threads=4 mem=3072MB trial=3 ---
  -> wall=1.21s mem=34668KB exit=0
--- threads=8 mem=64MB trial=1 ---
  -> wall=1.15s mem=34664KB exit=0
--- threads=8 mem=64MB trial=2 ---
  -> wall=1.12s mem=34664KB exit=0
--- threads=8 mem=64MB trial=3 ---
  -> wall=1.16s mem=34664KB exit=0
--- threads=8 mem=128MB trial=1 ---
  -> wall=1.11s mem=34664KB exit=0
--- threads=8 mem=128MB trial=2 ---
  -> wall=1.11s mem=34456KB exit=0
--- threads=8 mem=128MB trial=3 ---
  -> wall=1.16s mem=34664KB exit=0
--- threads=8 mem=512MB trial=1 ---
  -> wall=1.12s mem=34664KB exit=0
--- threads=8 mem=512MB trial=2 ---
  -> wall=1.16s mem=34668KB exit=0
--- threads=8 mem=512MB trial=3 ---
  -> wall=1.12s mem=34664KB exit=0
--- threads=8 mem=1024MB trial=1 ---
  -> wall=1.12s mem=34668KB exit=0
--- threads=8 mem=1024MB trial=2 ---
  -> wall=1.11s mem=34460KB exit=0
--- threads=8 mem=1024MB trial=3 ---
  -> wall=1.12s mem=34664KB exit=0
--- threads=8 mem=1536MB trial=1 ---
  -> wall=1.16s mem=34664KB exit=0
--- threads=8 mem=1536MB trial=2 ---
  -> wall=1.12s mem=34664KB exit=0
--- threads=8 mem=1536MB trial=3 ---
  -> wall=1.17s mem=34668KB exit=0
--- threads=8 mem=3072MB trial=1 ---
  -> wall=1.12s mem=34456KB exit=0
--- threads=8 mem=3072MB trial=2 ---
  -> wall=1.15s mem=34664KB exit=0
--- threads=8 mem=3072MB trial=3 ---
  -> wall=1.16s mem=34668KB exit=0
--- threads=16 mem=64MB trial=1 ---
  -> wall=1.14s mem=34460KB exit=0
--- threads=16 mem=64MB trial=2 ---
  -> wall=1.14s mem=34664KB exit=0
--- threads=16 mem=64MB trial=3 ---
  -> wall=1.18s mem=34664KB exit=0
--- threads=16 mem=128MB trial=1 ---
  -> wall=1.14s mem=34664KB exit=0
--- threads=16 mem=128MB trial=2 ---
  -> wall=1.19s mem=34664KB exit=0
--- threads=16 mem=128MB trial=3 ---
  -> wall=1.16s mem=34664KB exit=0
--- threads=16 mem=512MB trial=1 ---
  -> wall=1.13s mem=34668KB exit=0
--- threads=16 mem=512MB trial=2 ---
  -> wall=1.17s mem=34664KB exit=0
--- threads=16 mem=512MB trial=3 ---
  -> wall=1.17s mem=34668KB exit=0
--- threads=16 mem=1024MB trial=1 ---
  -> wall=1.14s mem=34668KB exit=0
--- threads=16 mem=1024MB trial=2 ---
  -> wall=1.14s mem=34668KB exit=0
--- threads=16 mem=1024MB trial=3 ---
  -> wall=1.18s mem=34668KB exit=0
--- threads=16 mem=1536MB trial=1 ---
  -> wall=1.17s mem=34664KB exit=0
--- threads=16 mem=1536MB trial=2 ---
  -> wall=1.14s mem=34668KB exit=0
--- threads=16 mem=1536MB trial=3 ---
  -> wall=1.18s mem=34668KB exit=0
--- threads=16 mem=3072MB trial=1 ---
  -> wall=1.15s mem=34668KB exit=0
--- threads=16 mem=3072MB trial=2 ---
  -> wall=1.17s mem=34664KB exit=0
--- threads=16 mem=3072MB trial=3 ---
  -> wall=1.18s mem=34664KB exit=0
--- threads=20 mem=64MB trial=1 ---
  -> wall=1.13s mem=34460KB exit=0
--- threads=20 mem=64MB trial=2 ---
  -> wall=1.17s mem=34668KB exit=0
--- threads=20 mem=64MB trial=3 ---
  -> wall=1.13s mem=34664KB exit=0
--- threads=20 mem=128MB trial=1 ---
  -> wall=1.14s mem=34456KB exit=0
--- threads=20 mem=128MB trial=2 ---
  -> wall=1.17s mem=34664KB exit=0
--- threads=20 mem=128MB trial=3 ---
  -> wall=1.12s mem=34664KB exit=0
--- threads=20 mem=512MB trial=1 ---
  -> wall=1.15s mem=34664KB exit=0
--- threads=20 mem=512MB trial=2 ---
  -> wall=1.13s mem=34664KB exit=0
--- threads=20 mem=512MB trial=3 ---
  -> wall=1.17s mem=34668KB exit=0
--- threads=20 mem=1024MB trial=1 ---
  -> wall=1.14s mem=34668KB exit=0
--- threads=20 mem=1024MB trial=2 ---
  -> wall=1.15s mem=34668KB exit=0
--- threads=20 mem=1024MB trial=3 ---
  -> wall=1.13s mem=34664KB exit=0
--- threads=20 mem=1536MB trial=1 ---
  -> wall=1.17s mem=34668KB exit=0
--- threads=20 mem=1536MB trial=2 ---
  -> wall=1.19s mem=34664KB exit=0
--- threads=20 mem=1536MB trial=3 ---
  -> wall=1.13s mem=34664KB exit=0
--- threads=20 mem=3072MB trial=1 ---
  -> wall=1.17s mem=34664KB exit=0
--- threads=20 mem=3072MB trial=2 ---
  -> wall=1.13s mem=34668KB exit=0
--- threads=20 mem=3072MB trial=3 ---
  -> wall=1.16s mem=34664KB exit=0

Job Finished. Results in perf_data_openmp_8245476.csv
First few rows:
threads,nodes,mem_budget_mb,wall_time_s,user_time_s,sys_time_s,mem_used_kb,exit_code,trial
1,1,64,2.09,1.57,0.44,34460,0,1
1,1,64,2.01,1.57,0.43,34508,0,2
1,1,64,2.05,1.54,0.50,34504,0,3
1,1,128,2.01,1.53,0.47,34508,0,1
1,1,128,2.04,1.54,0.50,34504,0,2
1,1,128,2.02,1.58,0.43,34504,0,3
1,1,512,2.05,1.55,0.49,34504,0,1
1,1,512,2.02,1.58,0.42,34508,0,2
1,1,512,2.01,1.57,0.43,34508,0,3
