Compiling...
make: Nothing to be done for 'all'.
Binary: -rwxr-xr-x+ 1 tannyrs02 tannyrs02_users 18K Apr 19 19:03 ./hw4-pthread
Node: mole050
Cores available: 20
Linux mole050 5.14.0-611.36.1.el9_7.x86_64 #1 SMP PREEMPT_DYNAMIC Tue Mar 3 17:30:12 UTC 2026 x86_64 x86_64 x86_64 GNU/Linux
--- threads=1 mem=64MB trial=1 ---
  -> wall=16.24s mem=25920KB exit=0
--- threads=1 mem=64MB trial=2 ---
  -> wall=2.55s mem=29600KB exit=0
--- threads=1 mem=64MB trial=3 ---
  -> wall=2.48s mem=26080KB exit=0
--- threads=1 mem=128MB trial=1 ---
  -> wall=2.48s mem=25920KB exit=0
--- threads=1 mem=128MB trial=2 ---
  -> wall=2.40s mem=26080KB exit=0
--- threads=1 mem=128MB trial=3 ---
  -> wall=2.36s mem=26080KB exit=0
--- threads=1 mem=512MB trial=1 ---
  -> wall=2.42s mem=30240KB exit=0
--- threads=1 mem=512MB trial=2 ---
  -> wall=2.39s mem=26080KB exit=0
--- threads=1 mem=512MB trial=3 ---
  -> wall=2.39s mem=26080KB exit=0
--- threads=1 mem=1024MB trial=1 ---
  -> wall=2.37s mem=26080KB exit=0
--- threads=1 mem=1024MB trial=2 ---
  -> wall=2.33s mem=30240KB exit=0
--- threads=1 mem=1024MB trial=3 ---
  -> wall=2.34s mem=26080KB exit=0
--- threads=1 mem=1536MB trial=1 ---
  -> wall=2.36s mem=25920KB exit=0
--- threads=1 mem=1536MB trial=2 ---
  -> wall=2.42s mem=25920KB exit=0
--- threads=1 mem=1536MB trial=3 ---
  -> wall=2.36s mem=30240KB exit=0
--- threads=1 mem=3072MB trial=1 ---
  -> wall=2.46s mem=26080KB exit=0
--- threads=1 mem=3072MB trial=2 ---
  -> wall=2.33s mem=26080KB exit=0
--- threads=1 mem=3072MB trial=3 ---
  -> wall=2.51s mem=26080KB exit=0
--- threads=2 mem=64MB trial=1 ---
  -> wall=1.62s mem=26080KB exit=0
--- threads=2 mem=64MB trial=2 ---
  -> wall=1.62s mem=30240KB exit=0
--- threads=2 mem=64MB trial=3 ---
  -> wall=1.59s mem=26080KB exit=0
--- threads=2 mem=128MB trial=1 ---
  -> wall=1.63s mem=26080KB exit=0
--- threads=2 mem=128MB trial=2 ---
  -> wall=1.60s mem=26080KB exit=0
--- threads=2 mem=128MB trial=3 ---
  -> wall=1.62s mem=26080KB exit=0
--- threads=2 mem=512MB trial=1 ---
  -> wall=1.60s mem=26080KB exit=0
--- threads=2 mem=512MB trial=2 ---
  -> wall=1.62s mem=30240KB exit=0
--- threads=2 mem=512MB trial=3 ---
  -> wall=1.60s mem=26080KB exit=0
--- threads=2 mem=1024MB trial=1 ---
  -> wall=1.56s mem=26080KB exit=0
--- threads=2 mem=1024MB trial=2 ---
  -> wall=1.62s mem=26080KB exit=0
--- threads=2 mem=1024MB trial=3 ---
  -> wall=1.59s mem=26080KB exit=0
--- threads=2 mem=1536MB trial=1 ---
  -> wall=1.62s mem=26080KB exit=0
--- threads=2 mem=1536MB trial=2 ---
  -> wall=1.60s mem=30240KB exit=0
--- threads=2 mem=1536MB trial=3 ---
  -> wall=1.55s mem=26080KB exit=0
--- threads=2 mem=3072MB trial=1 ---
  -> wall=1.56s mem=26080KB exit=0
--- threads=2 mem=3072MB trial=2 ---
  -> wall=1.56s mem=26080KB exit=0
--- threads=2 mem=3072MB trial=3 ---
  -> wall=1.56s mem=26080KB exit=0
--- threads=4 mem=64MB trial=1 ---
  -> wall=1.34s mem=26080KB exit=0
--- threads=4 mem=64MB trial=2 ---
  -> wall=1.35s mem=26080KB exit=0
--- threads=4 mem=64MB trial=3 ---
  -> wall=1.29s mem=30240KB exit=0
--- threads=4 mem=128MB trial=1 ---
  -> wall=1.34s mem=26080KB exit=0
--- threads=4 mem=128MB trial=2 ---
  -> wall=1.31s mem=25920KB exit=0
--- threads=4 mem=128MB trial=3 ---
  -> wall=1.35s mem=26080KB exit=0
--- threads=4 mem=512MB trial=1 ---
  -> wall=1.29s mem=26080KB exit=0
--- threads=4 mem=512MB trial=2 ---
  -> wall=1.34s mem=26080KB exit=0
--- threads=4 mem=512MB trial=3 ---
  -> wall=1.28s mem=25920KB exit=0
--- threads=4 mem=1024MB trial=1 ---
  -> wall=1.32s mem=26080KB exit=0
--- threads=4 mem=1024MB trial=2 ---
  -> wall=1.28s mem=30240KB exit=0
--- threads=4 mem=1024MB trial=3 ---
  -> wall=1.33s mem=26080KB exit=0
--- threads=4 mem=1536MB trial=1 ---
  -> wall=1.30s mem=26080KB exit=0
--- threads=4 mem=1536MB trial=2 ---
  -> wall=1.27s mem=26080KB exit=0
--- threads=4 mem=1536MB trial=3 ---
  -> wall=1.34s mem=26080KB exit=0
--- threads=4 mem=3072MB trial=1 ---
  -> wall=1.37s mem=26080KB exit=0
--- threads=4 mem=3072MB trial=2 ---
  -> wall=1.30s mem=26080KB exit=0
--- threads=4 mem=3072MB trial=3 ---
  -> wall=1.35s mem=30240KB exit=0
--- threads=8 mem=64MB trial=1 ---
  -> wall=1.18s mem=26080KB exit=0
--- threads=8 mem=64MB trial=2 ---
  -> wall=1.29s mem=26080KB exit=0
--- threads=8 mem=64MB trial=3 ---
  -> wall=1.25s mem=26080KB exit=0
--- threads=8 mem=128MB trial=1 ---
  -> wall=1.21s mem=26080KB exit=0
--- threads=8 mem=128MB trial=2 ---
  -> wall=1.21s mem=26080KB exit=0
--- threads=8 mem=128MB trial=3 ---
  -> wall=1.27s mem=26080KB exit=0
--- threads=8 mem=512MB trial=1 ---
  -> wall=1.18s mem=30240KB exit=0
--- threads=8 mem=512MB trial=2 ---
  -> wall=1.23s mem=26080KB exit=0
--- threads=8 mem=512MB trial=3 ---
  -> wall=1.20s mem=25920KB exit=0
--- threads=8 mem=1024MB trial=1 ---
  -> wall=1.26s mem=26080KB exit=0
--- threads=8 mem=1024MB trial=2 ---
  -> wall=1.22s mem=26080KB exit=0
--- threads=8 mem=1024MB trial=3 ---
  -> wall=1.27s mem=26080KB exit=0
--- threads=8 mem=1536MB trial=1 ---
  -> wall=1.25s mem=30240KB exit=0
--- threads=8 mem=1536MB trial=2 ---
  -> wall=1.27s mem=26080KB exit=0
--- threads=8 mem=1536MB trial=3 ---
  -> wall=1.21s mem=26080KB exit=0
--- threads=8 mem=3072MB trial=1 ---
  -> wall=1.15s mem=25920KB exit=0
--- threads=8 mem=3072MB trial=2 ---
  -> wall=1.29s mem=26080KB exit=0
--- threads=8 mem=3072MB trial=3 ---
  -> wall=1.21s mem=26080KB exit=0
--- threads=16 mem=64MB trial=1 ---
  -> wall=1.19s mem=26080KB exit=0
--- threads=16 mem=64MB trial=2 ---
  -> wall=1.19s mem=30240KB exit=0
--- threads=16 mem=64MB trial=3 ---
  -> wall=1.13s mem=25920KB exit=0
--- threads=16 mem=128MB trial=1 ---
  -> wall=1.07s mem=26080KB exit=0
--- threads=16 mem=128MB trial=2 ---
  -> wall=1.15s mem=25920KB exit=0
--- threads=16 mem=128MB trial=3 ---
  -> wall=1.27s mem=26080KB exit=0
--- threads=16 mem=512MB trial=1 ---
  -> wall=1.11s mem=26080KB exit=0
--- threads=16 mem=512MB trial=2 ---
  -> wall=1.07s mem=26080KB exit=0
--- threads=16 mem=512MB trial=3 ---
  -> wall=1.17s mem=26080KB exit=0
--- threads=16 mem=1024MB trial=1 ---
  -> wall=1.13s mem=30080KB exit=0
--- threads=16 mem=1024MB trial=2 ---
  -> wall=1.20s mem=26080KB exit=0
--- threads=16 mem=1024MB trial=3 ---
  -> wall=1.19s mem=26080KB exit=0
--- threads=16 mem=1536MB trial=1 ---
  -> wall=1.16s mem=26080KB exit=0
--- threads=16 mem=1536MB trial=2 ---
  -> wall=1.24s mem=26080KB exit=0
--- threads=16 mem=1536MB trial=3 ---
  -> wall=1.11s mem=26080KB exit=0
--- threads=16 mem=3072MB trial=1 ---
  -> wall=1.22s mem=26080KB exit=0
--- threads=16 mem=3072MB trial=2 ---
  -> wall=1.18s mem=26080KB exit=0
--- threads=16 mem=3072MB trial=3 ---
  -> wall=1.11s mem=26080KB exit=0
--- threads=20 mem=64MB trial=1 ---
  -> wall=1.19s mem=28640KB exit=0
--- threads=20 mem=64MB trial=2 ---
  -> wall=1.18s mem=26080KB exit=0
--- threads=20 mem=64MB trial=3 ---
  -> wall=Fatal glibc error: ../nptl/pthread_mutex_lock.c:95 (__pthread_mutex_cond_lock): assertion failed: mutex->__data.__owner == 0
Command terminated by signal 6
2.24s mem=Fatal glibc error: ../nptl/pthread_mutex_lock.c:95 (__pthread_mutex_cond_lock): assertion failed: mutex->__data.__owner == 0
Command terminated by signal 6
26080KB exit=134
--- threads=20 mem=128MB trial=1 ---
  -> wall=1.22s mem=25920KB exit=0
--- threads=20 mem=128MB trial=2 ---
  -> wall=1.22s mem=26080KB exit=0
--- threads=20 mem=128MB trial=3 ---
  -> wall=1.17s mem=26080KB exit=0
--- threads=20 mem=512MB trial=1 ---
  -> wall=1.13s mem=26080KB exit=0
--- threads=20 mem=512MB trial=2 ---
  -> wall=1.19s mem=25920KB exit=0
--- threads=20 mem=512MB trial=3 ---
  -> wall=1.17s mem=26080KB exit=0
--- threads=20 mem=1024MB trial=1 ---
  -> wall=1.11s mem=25920KB exit=0
--- threads=20 mem=1024MB trial=2 ---
  -> wall=1.15s mem=26080KB exit=0
--- threads=20 mem=1024MB trial=3 ---
  -> wall=1.14s mem=26080KB exit=0
--- threads=20 mem=1536MB trial=1 ---
  -> wall=1.19s mem=25920KB exit=0
--- threads=20 mem=1536MB trial=2 ---
  -> wall=1.17s mem=26080KB exit=0
--- threads=20 mem=1536MB trial=3 ---
  -> wall=1.13s mem=26080KB exit=0
--- threads=20 mem=3072MB trial=1 ---
  -> wall=1.08s mem=25760KB exit=0
--- threads=20 mem=3072MB trial=2 ---
  -> wall=1.12s mem=26080KB exit=0
--- threads=20 mem=3072MB trial=3 ---
  -> wall=1.19s mem=25920KB exit=0

Job Finished. Results in perf_data_pthread_7772162.csv
First few rows:
threads,mem_budget_mb,wall_time_s,user_time_s,sys_time_s,mem_used_kb,exit_code,trial
1,64,16.24,2.17,0.64,25920,0,1
1,64,2.55,2.01,0.50,29600,0,2
1,64,2.48,1.97,0.47,26080,0,3
1,128,2.48,1.96,0.49,25920,0,1
1,128,2.40,1.93,0.44,26080,0,2
1,128,2.36,1.91,0.42,26080,0,3
1,512,2.42,1.92,0.46,30240,0,1
1,512,2.39,1.89,0.47,26080,0,2
1,512,2.39,1.88,0.48,26080,0,3
