Compiling...
gcc -O2 -Wall -Wextra -Werror -pthread -std=gnu11 -o hw4-pthread hw4-pthread.c
Binary: -rwxr-xr-x+ 1 5441 5438 18K Apr 19 16:54 ./hw4-pthread
Node: mole080
Cores available: 20
Linux mole080 5.14.0-611.30.1.el9_7.x86_64 #1 SMP PREEMPT_DYNAMIC Fri Feb 13 17:04:55 UTC 2026 x86_64 x86_64 x86_64 GNU/Linux
--- threads=1 mem=64MB trial=1 ---
  -> wall=2.54s mem=26240KB exit=0
--- threads=1 mem=64MB trial=2 ---
  -> wall=2.55s mem=26240KB exit=0
--- threads=1 mem=64MB trial=3 ---
  -> wall=2.39s mem=26240KB exit=0
--- threads=1 mem=128MB trial=1 ---
  -> wall=2.36s mem=26240KB exit=0
--- threads=1 mem=128MB trial=2 ---
  -> wall=2.36s mem=26240KB exit=0
--- threads=1 mem=128MB trial=3 ---
  -> wall=2.40s mem=26240KB exit=0
--- threads=1 mem=512MB trial=1 ---
  -> wall=2.38s mem=26080KB exit=0
--- threads=1 mem=512MB trial=2 ---
  -> wall=2.41s mem=26240KB exit=0
--- threads=1 mem=512MB trial=3 ---
  -> wall=2.38s mem=26240KB exit=0
--- threads=1 mem=1024MB trial=1 ---
  -> wall=2.03s mem=25920KB exit=0
--- threads=1 mem=1024MB trial=2 ---
  -> wall=2.48s mem=26240KB exit=0
--- threads=1 mem=1024MB trial=3 ---
  -> wall=2.49s mem=26240KB exit=0
--- threads=1 mem=1536MB trial=1 ---
  -> wall=2.42s mem=26240KB exit=0
--- threads=1 mem=1536MB trial=2 ---
  -> wall=2.40s mem=26240KB exit=0
--- threads=1 mem=1536MB trial=3 ---
  -> wall=2.40s mem=26240KB exit=0
--- threads=1 mem=3072MB trial=1 ---
  -> wall=2.41s mem=26240KB exit=0
--- threads=1 mem=3072MB trial=2 ---
  -> wall=2.38s mem=26240KB exit=0
--- threads=1 mem=3072MB trial=3 ---
  -> wall=2.42s mem=26240KB exit=0
--- threads=2 mem=64MB trial=1 ---
  -> wall=1.61s mem=26080KB exit=0
--- threads=2 mem=64MB trial=2 ---
  -> wall=1.56s mem=26080KB exit=0
--- threads=2 mem=64MB trial=3 ---
  -> wall=1.64s mem=26240KB exit=0
--- threads=2 mem=128MB trial=1 ---
  -> wall=1.60s mem=26240KB exit=0
--- threads=2 mem=128MB trial=2 ---
  -> wall=1.57s mem=26240KB exit=0
--- threads=2 mem=128MB trial=3 ---
  -> wall=1.63s mem=26080KB exit=0
--- threads=2 mem=512MB trial=1 ---
  -> wall=1.60s mem=26240KB exit=0
--- threads=2 mem=512MB trial=2 ---
  -> wall=1.64s mem=26080KB exit=0
--- threads=2 mem=512MB trial=3 ---
  -> wall=1.60s mem=26080KB exit=0
--- threads=2 mem=1024MB trial=1 ---
  -> wall=1.64s mem=26240KB exit=0
--- threads=2 mem=1024MB trial=2 ---
  -> wall=1.60s mem=26240KB exit=0
--- threads=2 mem=1024MB trial=3 ---
  -> wall=1.64s mem=26240KB exit=0
--- threads=2 mem=1536MB trial=1 ---
  -> wall=1.60s mem=26080KB exit=0
--- threads=2 mem=1536MB trial=2 ---
  -> wall=1.56s mem=26080KB exit=0
--- threads=2 mem=1536MB trial=3 ---
  -> wall=1.56s mem=26080KB exit=0
--- threads=2 mem=3072MB trial=1 ---
  -> wall=1.63s mem=26080KB exit=0
--- threads=2 mem=3072MB trial=2 ---
  -> wall=1.60s mem=26240KB exit=0
--- threads=2 mem=3072MB trial=3 ---
  -> wall=1.56s mem=26080KB exit=0
--- threads=4 mem=64MB trial=1 ---
  -> wall=1.25s mem=26080KB exit=0
--- threads=4 mem=64MB trial=2 ---
  -> wall=1.25s mem=26240KB exit=0
--- threads=4 mem=64MB trial=3 ---
  -> wall=1.35s mem=26080KB exit=0
--- threads=4 mem=128MB trial=1 ---
  -> wall=1.29s mem=26080KB exit=0
--- threads=4 mem=128MB trial=2 ---
  -> wall=1.25s mem=26080KB exit=0
--- threads=4 mem=128MB trial=3 ---
  -> wall=1.37s mem=26240KB exit=0
--- threads=4 mem=512MB trial=1 ---
  -> wall=1.38s mem=26080KB exit=0
--- threads=4 mem=512MB trial=2 ---
  -> wall=1.40s mem=26080KB exit=0
--- threads=4 mem=512MB trial=3 ---
  -> wall=1.42s mem=26080KB exit=0
--- threads=4 mem=1024MB trial=1 ---
  -> wall=1.31s mem=26080KB exit=0
--- threads=4 mem=1024MB trial=2 ---
  -> wall=1.36s mem=26080KB exit=0
--- threads=4 mem=1024MB trial=3 ---
  -> wall=1.29s mem=26080KB exit=0
--- threads=4 mem=1536MB trial=1 ---
  -> wall=1.37s mem=26080KB exit=0
--- threads=4 mem=1536MB trial=2 ---
  -> wall=1.31s mem=26080KB exit=0
--- threads=4 mem=1536MB trial=3 ---
  -> wall=1.35s mem=26240KB exit=0
--- threads=4 mem=3072MB trial=1 ---
  -> wall=1.29s mem=26240KB exit=0
--- threads=4 mem=3072MB trial=2 ---
  -> wall=1.26s mem=26080KB exit=0
--- threads=4 mem=3072MB trial=3 ---
  -> wall=1.27s mem=25920KB exit=0
--- threads=8 mem=64MB trial=1 ---
  -> wall=1.17s mem=26080KB exit=0
--- threads=8 mem=64MB trial=2 ---
  -> wall=1.24s mem=26240KB exit=0
--- threads=8 mem=64MB trial=3 ---
  -> wall=1.16s mem=26080KB exit=0
--- threads=8 mem=128MB trial=1 ---
  -> wall=1.29s mem=26080KB exit=0
--- threads=8 mem=128MB trial=2 ---
  -> wall=1.17s mem=26080KB exit=0
--- threads=8 mem=128MB trial=3 ---
  -> wall=1.26s mem=26080KB exit=0
--- threads=8 mem=512MB trial=1 ---
  -> wall=1.25s mem=25920KB exit=0
--- threads=8 mem=512MB trial=2 ---
  -> wall=1.18s mem=25920KB exit=0
--- threads=8 mem=512MB trial=3 ---
  -> wall=1.17s mem=26080KB exit=0
--- threads=8 mem=1024MB trial=1 ---
  -> wall=1.32s mem=26080KB exit=0
--- threads=8 mem=1024MB trial=2 ---
  -> wall=1.26s mem=26080KB exit=0
--- threads=8 mem=1024MB trial=3 ---
  -> wall=1.24s mem=26080KB exit=0
--- threads=8 mem=1536MB trial=1 ---
  -> wall=1.24s mem=26080KB exit=0
--- threads=8 mem=1536MB trial=2 ---
  -> wall=1.25s mem=26080KB exit=0
--- threads=8 mem=1536MB trial=3 ---
  -> wall=1.20s mem=26080KB exit=0
--- threads=8 mem=3072MB trial=1 ---
  -> wall=1.17s mem=26080KB exit=0
--- threads=8 mem=3072MB trial=2 ---
  -> wall=1.12s mem=26080KB exit=0
--- threads=8 mem=3072MB trial=3 ---
  -> wall=1.19s mem=25920KB exit=0
--- threads=16 mem=64MB trial=1 ---
  -> wall=1.15s mem=26080KB exit=0
--- threads=16 mem=64MB trial=2 ---
  -> wall=1.22s mem=26080KB exit=0
--- threads=16 mem=64MB trial=3 ---
  -> wall=1.20s mem=25920KB exit=0
--- threads=16 mem=128MB trial=1 ---
  -> wall=1.13s mem=26080KB exit=0
--- threads=16 mem=128MB trial=2 ---
  -> wall=1.18s mem=26080KB exit=0
--- threads=16 mem=128MB trial=3 ---
  -> wall=1.21s mem=26080KB exit=0
--- threads=16 mem=512MB trial=1 ---
  -> wall=1.13s mem=25920KB exit=0
--- threads=16 mem=512MB trial=2 ---
  -> wall=1.16s mem=25760KB exit=0
--- threads=16 mem=512MB trial=3 ---
  -> wall=1.21s mem=26080KB exit=0
--- threads=16 mem=1024MB trial=1 ---
  -> wall=1.08s mem=26080KB exit=0
--- threads=16 mem=1024MB trial=2 ---
  -> wall=1.07s mem=25920KB exit=0
--- threads=16 mem=1024MB trial=3 ---
  -> wall=1.19s mem=26080KB exit=0
--- threads=16 mem=1536MB trial=1 ---
  -> wall=1.22s mem=26080KB exit=0
--- threads=16 mem=1536MB trial=2 ---
  -> wall=1.16s mem=25920KB exit=0
--- threads=16 mem=1536MB trial=3 ---
  -> wall=1.21s mem=26080KB exit=0
--- threads=16 mem=3072MB trial=1 ---
  -> wall=1.16s mem=26080KB exit=0
--- threads=16 mem=3072MB trial=2 ---
  -> wall=1.14s mem=26080KB exit=0
--- threads=16 mem=3072MB trial=3 ---
  -> wall=1.07s mem=26080KB exit=0
--- threads=20 mem=64MB trial=1 ---
  -> wall=1.21s mem=26080KB exit=0
--- threads=20 mem=64MB trial=2 ---
  -> wall=1.17s mem=25920KB exit=0
--- threads=20 mem=64MB trial=3 ---
  -> wall=1.15s mem=25920KB exit=0
--- threads=20 mem=128MB trial=1 ---
  -> wall=1.21s mem=25920KB exit=0
--- threads=20 mem=128MB trial=2 ---
  -> wall=1.17s mem=25920KB exit=0
--- threads=20 mem=128MB trial=3 ---
  -> wall=1.20s mem=25920KB exit=0
--- threads=20 mem=512MB trial=1 ---
  -> wall=1.23s mem=26080KB exit=0
--- threads=20 mem=512MB trial=2 ---
  -> wall=1.17s mem=26080KB exit=0
--- threads=20 mem=512MB trial=3 ---
  -> wall=1.15s mem=25920KB exit=0
--- threads=20 mem=1024MB trial=1 ---
  -> wall=1.21s mem=25920KB exit=0
--- threads=20 mem=1024MB trial=2 ---
  -> wall=1.18s mem=25920KB exit=0
--- threads=20 mem=1024MB trial=3 ---
  -> wall=1.20s mem=26080KB exit=0
--- threads=20 mem=1536MB trial=1 ---
  -> wall=1.18s mem=25920KB exit=0
--- threads=20 mem=1536MB trial=2 ---
  -> wall=1.14s mem=26080KB exit=0
--- threads=20 mem=1536MB trial=3 ---
  -> wall=1.20s mem=25920KB exit=0
--- threads=20 mem=3072MB trial=1 ---
  -> wall=1.18s mem=26080KB exit=0
--- threads=20 mem=3072MB trial=2 ---
  -> wall=1.14s mem=27040KB exit=0
--- threads=20 mem=3072MB trial=3 ---
  -> wall=1.20s mem=25920KB exit=0

Job Finished. Results in perf_data_pthread_7771463.csv
First few rows:
threads,mem_budget_mb,wall_time_s,user_time_s,sys_time_s,mem_used_kb,exit_code,trial
1,64,2.54,2.08,0.42,26240,0,1
1,64,2.55,2.01,0.51,26240,0,2
1,64,2.39,1.93,0.44,26240,0,3
1,128,2.36,1.91,0.42,26240,0,1
1,128,2.36,1.93,0.39,26240,0,2
1,128,2.40,1.89,0.48,26240,0,3
1,512,2.38,1.92,0.43,26080,0,1
1,512,2.41,1.92,0.46,26240,0,2
1,512,2.38,1.90,0.45,26240,0,3
